
### ❗ Terraform Plan detected changes to infrastructure.

Plan: 2 to add, 2 to change, 1 to destroy, 1 to replace, 1 to read.


| Module Type | Instances | Resources | Actions |
|---|---|---|---|
| compute | 1 | 1 | ❗ 1 replace |
| legacy | 1 | 1 | ❗ 1 delete |
| identity | 1 | 1 | ⚠️ 1 update |
| platform | 1 | 1 | ⚠️ 1 update |
| (root) | 1 | 1 | ✅ 1 create |
| dns | 1 | 1 | ✅ 1 create |

---


<details><summary>❗ compute — Terraform Plan (1 replace)</summary>

**Changed resources:**

| Resource | Name | Changed | Impact |
|---|---|---|---|
| network interface | nic-vm | `ip_configuration` | 🔴 critical |

```diff
! network interface: nic-vm [ip_configuration]
```

</details>

<details><summary>❗ legacy — Terraform Plan (1 delete)</summary>

**Changed resources:**

| Resource | Name | Changed | Impact |
|---|---|---|---|
| route table | rt-old | — | 🔴 high |

```diff
- route table: rt-old
```

</details>

<details><summary>⚠️ identity — Terraform Plan (1 update)</summary>

**Changed resources:**

| Resource | Name | Changed | Impact |
|---|---|---|---|
| key vault | kv-secrets | `access_policy` | 🟡 medium |

```diff
! key vault: kv-secrets [access_policy]
```

</details>

<details><summary>⚠️ platform — Terraform Plan (1 update)</summary>

**Changed resources:**

| Resource | Name | Changed | Impact |
|---|---|---|---|
| virtual network | vnet-hub | `address_space`, `tags` | 🟡 medium |

```diff
! virtual network: vnet-hub [address_space, tags]
```

</details>

<details><summary>✅ (root) — Terraform Plan (1 create)</summary>

```diff
+ resource group: rg-root
```


<sub>♻️ 1 data source reads not shown</sub>
</details>

<details><summary>✅ dns — Terraform Plan (1 create)</summary>

```diff
+ private dns zone: internal.example.com
```

</details>


<sub>♻️ 1 data source reads not shown</sub>
<sub>Generated by tfreport</sub>
