{
  "module_groups": [
    {
      "name": "(root)",
      "path": "(root)",
      "action_counts": {
        "create": 1,
        "read": 1
      },
      "changes": [
        {
          "address": "azurerm_resource_group.root",
          "module_path": "",
          "resource_type": "azurerm_resource_group",
          "resource_name": "root",
          "action": "create",
          "impact": "low",
          "display_label": "rg-root",
          "changed_attributes": [
            {
              "key": "location"
            },
            {
              "key": "name"
            },
            {
              "key": "tags"
            }
          ]
        },
        {
          "address": "data.azurerm_client_config.current",
          "module_path": "",
          "resource_type": "azurerm_client_config",
          "resource_name": "current",
          "action": "read",
          "impact": "low",
          "display_label": "current"
        }
      ]
    },
    {
      "name": "compute",
      "path": "module.compute",
      "action_counts": {
        "replace": 1
      },
      "changes": [
        {
          "address": "module.compute.azurerm_network_interface.vm",
          "module_path": "module.compute",
          "resource_type": "azurerm_network_interface",
          "resource_name": "vm",
          "action": "replace",
          "impact": "critical",
          "display_label": "nic-vm",
          "changed_attributes": [
            {
              "key": "ip_configuration"
            }
          ]
        }
      ]
    },
    {
      "name": "dns",
      "path": "module.dns",
      "action_counts": {
        "create": 1
      },
      "changes": [
        {
          "address": "module.dns.azurerm_private_dns_zone.internal",
          "module_path": "module.dns",
          "resource_type": "azurerm_private_dns_zone",
          "resource_name": "internal",
          "action": "create",
          "impact": "low",
          "is_import": true,
          "display_label": "internal.example.com",
          "changed_attributes": [
            {
              "key": "name"
            },
            {
              "key": "resource_group_name"
            }
          ]
        }
      ]
    },
    {
      "name": "identity",
      "path": "module.identity",
      "action_counts": {
        "update": 1
      },
      "changes": [
        {
          "address": "module.identity.azurerm_key_vault.secrets",
          "module_path": "module.identity",
          "resource_type": "azurerm_key_vault",
          "resource_name": "secrets",
          "action": "update",
          "impact": "medium",
          "display_label": "kv-secrets",
          "changed_attributes": [
            {
              "key": "access_policy"
            }
          ]
        }
      ]
    },
    {
      "name": "legacy",
      "path": "module.legacy",
      "action_counts": {
        "delete": 1
      },
      "changes": [
        {
          "address": "module.legacy.azurerm_route_table.decommissioned",
          "module_path": "module.legacy",
          "resource_type": "azurerm_route_table",
          "resource_name": "decommissioned",
          "action": "delete",
          "impact": "high",
          "display_label": "rt-old",
          "changed_attributes": [
            {
              "key": "disable_bgp_route_propagation"
            },
            {
              "key": "name"
            }
          ]
        }
      ]
    },
    {
      "name": "vnet",
      "path": "module.platform.module.vnet",
      "action_counts": {
        "update": 1
      },
      "changes": [
        {
          "address": "module.platform.module.vnet.azurerm_virtual_network.hub",
          "module_path": "module.platform.module.vnet",
          "resource_type": "azurerm_virtual_network",
          "resource_name": "hub",
          "action": "update",
          "impact": "medium",
          "display_label": "vnet-hub",
          "changed_attributes": [
            {
              "key": "address_space"
            },
            {
              "key": "tags"
            }
          ]
        }
      ]
    }
  ],
  "key_changes": [
    {
      "text": "✅ New resource group: rg-root",
      "impact": "low"
    },
    {
      "text": "♻️ Reading 1 client config",
      "impact": "low"
    },
    {
      "text": "❗ Replacing network interface: nic-vm (destroy + recreate)",
      "impact": "critical"
    },
    {
      "text": "✅ New private dns zone: internal.example.com",
      "impact": "low"
    },
    {
      "text": "⚠️ Access_policy updates across 1 key vault",
      "impact": "medium"
    },
    {
      "text": "❗ Removing route table: rt-old",
      "impact": "high"
    },
    {
      "text": "⚠️ 1 virtual network updated: address_space, tags",
      "impact": "medium"
    }
  ],
  "total_resources": 7,
  "action_counts": {
    "create": 2,
    "delete": 1,
    "read": 1,
    "replace": 1,
    "update": 2
  },
  "max_impact": "critical",
  "module_sources": {
    "compute": "./modules/compute",
    "dns": "./modules/dns",
    "identity": "./modules/identity",
    "legacy": "./modules/legacy",
    "platform": "git::https://example.invalid/terraform-modules.git//modules/platform?ref=v1.0.0"
  }
}
